MPLINK 5.09, LINKER
Linker Map File - Created Wed Oct 21 19:48:11 2020

                                 Section Info
                  Section       Type    Address   Location Size(Bytes)
                ---------  ---------  ---------  ---------  ---------
                 RES_VECT       code   0x000000    program   0x000002
                   .cinit    romdata   0x000001    program   0x000004
                MAIN_PROG       code   0x000003    program   0x000018
.config_2007_BUILD/DEFAULT/PRODUCTION/EJ3.O       code   0x002007    program   0x000002



                              Program Memory Usage 
                               Start         End      
                           ---------   ---------      
                            0x000000    0x00000e      
                            0x002007    0x002007      
            16 out of 4358 program addresses used, program memory utilization is 0%



                              Symbols - Sorted by Name
                     Name    Address   Location    Storage File                     
                ---------  ---------  ---------  --------- ---------                
                   INICIO   0x00000b    program     static C:\Users\yo\MPLABXProjects\Ex1ej3.X\ej3.asm
                    KLOOP   0x00000d    program     static C:\Users\yo\MPLABXProjects\Ex1ej3.X\ej3.asm
                    START   0x000003    program     static C:\Users\yo\MPLABXProjects\Ex1ej3.X\ej3.asm



                              Symbols - Sorted by Address
                     Name    Address   Location    Storage File                     
                ---------  ---------  ---------  --------- ---------                
                    START   0x000003    program     static C:\Users\yo\MPLABXProjects\Ex1ej3.X\ej3.asm
                   INICIO   0x00000b    program     static C:\Users\yo\MPLABXProjects\Ex1ej3.X\ej3.asm
                    KLOOP   0x00000d    program     static C:\Users\yo\MPLABXProjects\Ex1ej3.X\ej3.asm


